// Jest Snapshot v1, https://goo.gl/fbAQLP

exports[`should render ExpenseListItem with an expense 1`] = `
<div>
  <h3>
    <NavLink
      activeClassName="active"
      ariaCurrent="true"
      to="/edit/3"
    >
      Credit Card
    </NavLink>
  </h3>
  <p>
    $45.00
    -
    -
    Sunday, January 4th 1970
  </p>
</div>
`;
